2026-08-11 10:15:02 [-][-][-][error][Error] Error: Class "PDO" not found in /home/amrish/Documents/PHP/BookMyCharters_Assignment_Starter_Pack/assignment-1-cache-service/vendor/yiisoft/yii2/db/Command.php:71
Stack trace:
#0 /home/amrish/Documents/PHP/BookMyCharters_Assignment_Starter_Pack/assignment-1-cache-service/vendor/yiisoft/yii2/di/Container.php(426): [constant expression]()
#1 /home/amrish/Documents/PHP/BookMyCharters_Assignment_Starter_Pack/assignment-1-cache-service/vendor/yiisoft/yii2/di/Container.php(426): ReflectionClass->newInstanceArgs()
#2 /home/amrish/Documents/PHP/BookMyCharters_Assignment_Starter_Pack/assignment-1-cache-service/vendor/yiisoft/yii2/di/Container.php(174): yii\di\Container->build()
#3 /home/amrish/Documents/PHP/BookMyCharters_Assignment_Starter_Pack/assignment-1-cache-service/vendor/yiisoft/yii2/BaseYii.php(370): yii\di\Container->get()
#4 /home/amrish/Documents/PHP/BookMyCharters_Assignment_Starter_Pack/assignment-1-cache-service/vendor/yiisoft/yii2/db/Connection.php(771): yii\BaseYii::createObject()
#5 /home/amrish/Documents/PHP/BookMyCharters_Assignment_Starter_Pack/assignment-1-cache-service/vendor/yiisoft/yii2/db/mysql/Schema.php(370): yii\db\Connection->createCommand()
#6 /home/amrish/Documents/PHP/BookMyCharters_Assignment_Starter_Pack/assignment-1-cache-service/vendor/yiisoft/yii2/db/mysql/Schema.php(138): yii\db\mysql\Schema->findColumns()
#7 /home/amrish/Documents/PHP/BookMyCharters_Assignment_Starter_Pack/assignment-1-cache-service/vendor/yiisoft/yii2/db/Schema.php(757): yii\db\mysql\Schema->loadTableSchema()
#8 /home/amrish/Documents/PHP/BookMyCharters_Assignment_Starter_Pack/assignment-1-cache-service/vendor/yiisoft/yii2/db/Schema.php(193): yii\db\Schema->getTableMetadata()
#9 /home/amrish/Documents/PHP/BookMyCharters_Assignment_Starter_Pack/assignment-1-cache-service/vendor/yiisoft/yii2/console/controllers/MigrateController.php(218): yii\db\Schema->getTableSchema()
#10 /home/amrish/Documents/PHP/BookMyCharters_Assignment_Starter_Pack/assignment-1-cache-service/vendor/yiisoft/yii2/console/controllers/BaseMigrateController.php(915): yii\console\controllers\MigrateController->getMigrationHistory()
#11 /home/amrish/Documents/PHP/BookMyCharters_Assignment_Starter_Pack/assignment-1-cache-service/vendor/yiisoft/yii2/console/controllers/BaseMigrateController.php(190): yii\console\controllers\BaseMigrateController->getNewMigrations()
#12 [internal function]: yii\console\controllers\BaseMigrateController->actionUp()
#13 /home/amrish/Documents/PHP/BookMyCharters_Assignment_Starter_Pack/assignment-1-cache-service/vendor/yiisoft/yii2/base/InlineAction.php(60): call_user_func_array()
#14 /home/amrish/Documents/PHP/BookMyCharters_Assignment_Starter_Pack/assignment-1-cache-service/vendor/yiisoft/yii2/base/Controller.php(182): yii\base\InlineAction->runWithParams()
#15 /home/amrish/Documents/PHP/BookMyCharters_Assignment_Starter_Pack/assignment-1-cache-service/vendor/yiisoft/yii2/console/Controller.php(187): yii\base\Controller->runAction()
#16 /home/amrish/Documents/PHP/BookMyCharters_Assignment_Starter_Pack/assignment-1-cache-service/vendor/yiisoft/yii2/base/Module.php(547): yii\console\Controller->runAction()
#17 /home/amrish/Documents/PHP/BookMyCharters_Assignment_Starter_Pack/assignment-1-cache-service/vendor/yiisoft/yii2/console/Application.php(180): yii\base\Module->runAction()
#18 /home/amrish/Documents/PHP/BookMyCharters_Assignment_Starter_Pack/assignment-1-cache-service/vendor/yiisoft/yii2/console/Application.php(147): yii\console\Application->runAction()
#19 /home/amrish/Documents/PHP/BookMyCharters_Assignment_Starter_Pack/assignment-1-cache-service/vendor/yiisoft/yii2/base/Application.php(382): yii\console\Application->handleRequest()
#20 /home/amrish/Documents/PHP/BookMyCharters_Assignment_Starter_Pack/assignment-1-cache-service/yii(15): yii\base\Application->run()
#21 {main}
2026-08-11 10:15:02 [-][-][-][info][application] $_GET = []

$_POST = []

$_FILES = []

$_COOKIE = []

$_SERVER = [
    'SHELL' => '/bin/bash'
    'HISTCONTROL' => 'ignoredups'
    'XDG_MENU_PREFIX' => 'gnome-'
    'QT_IM_MODULES' => 'wayland;ibus'
    'HISTSIZE' => '1000'
    'HOSTNAME' => 'fedora'
    'SSH_AUTH_SOCK' => '/run/user/1000/gcr/ssh'
    'AGENT' => '1'
    'MEMORY_PRESSURE_WRITE' => 'c29tZSAyMDAwMDAgMjAwMDAwMAA='
    'XMODIFIERS' => '@im=ibus'
    'DESKTOP_SESSION' => 'gnome'
    'GPG_TTY' => 'not a tty'
    'EDITOR' => '/usr/bin/nano'
    'PWD' => '/home/amrish/Documents/PHP/BookMyCharters_Assignment_Starter_Pack/assignment-1-cache-service'
    'LOGNAME' => 'amrish'
    'XDG_SESSION_DESKTOP' => 'gnome'
    'XDG_SESSION_TYPE' => 'wayland'
    'SYSTEMD_EXEC_PID' => '3085'
    '_' => '/usr/bin/php'
    'XAUTHORITY' => '/run/user/1000/.mutter-Xwaylandauth.QAK2T3'
    'DESKTOP_STARTUP_ID' => 'gnome-shell/Zed/3085-0-fedora_TIME3875362'
    'GJS_DEBUG_TOPICS' => 'JS ERROR;JS LOG'
    'GDM_LANG' => 'en_IN.UTF-8'
    'OPENCODE_PID' => '108758'
    'HOME' => '/home/amrish'
    'USERNAME' => 'amrish'
    'OPENCODE' => '1'
    'LANG' => 'en_IN.UTF-8'
    'XDG_CURRENT_DESKTOP' => 'GNOME'
    'MEMORY_PRESSURE_WATCH' => '/sys/fs/cgroup/user.slice/user-1000.slice/user@1000.service/session.slice/org.gnome.Shell@user.service/memory.pressure'
    'STARSHIP_SHELL' => 'bash'
    'WAYLAND_DISPLAY' => 'wayland-0'
    'GITHUB_PERSONAL_ACCESS_TOKEN' => 'ghp_...'
    'INVOCATION_ID' => '1e41ae8119294adcb5131d090d4664c5'
    'MANAGERPID' => '2816'
    'STARSHIP_SESSION_KEY' => '2538868221546214'
    'GJS_DEBUG_OUTPUT' => 'stderr'
    'MOZ_GMP_PATH' => '/usr/lib64/mozilla/plugins/gmp-gmpopenh264/system-installed'
    'GNOME_SETUP_DISPLAY' => 'unix:/tmp/.X11-unix/X1'
    'XDG_SESSION_CLASS' => 'user'
    'LESSOPEN' => '||/usr/bin/lesspipe.sh %s'
    'USER' => 'amrish'
    'DISPLAY' => ':0'
    'SHLVL' => '2'
    'OPENCODE_CLIENT' => 'acp'
    'QT_IM_MODULE' => 'ibus'
    'MANAGERPIDFDID' => '369'
    'LD_LIBRARY_PATH' => ''
    'XDG_RUNTIME_DIR' => '/run/user/1000'
    'DEBUGINFOD_URLS' => 'ima:enforcing https://debuginfod.fedoraproject.org/ ima:ignore '
    'DEBUGINFOD_IMA_CERT_PATH' => '/etc/keys/ima:'
    'ZED_ENVIRONMENT' => 'worktree-shell'
    'JOURNAL_STREAM' => '10:29207'
    'XDG_DATA_DIRS' => '/home/amrish/.local/share/flatpak/exports/share:/var/lib/flatpak/exports/share:/usr/local/share/:/usr/share/'
    'PATH' => '/home/amrish/.opencode/bin:/home/amrish/.opencode/bin:/home/amrish/.opencode/bin:/home/amrish/.local/bin:/home/amrish/bin:/usr/local/bin:/usr/bin:/home/amrish/.lmstudio/bin:/home/amrish/.lmstudio/bin:/home/amrish/.lmstudio/bin'
    'GDMSESSION' => 'gnome'
    'XDG_SESSION_EXTRA_DEVICE_ACCESS' => 'render:accel'
    'DBUS_SESSION_BUS_ADDRESS' => 'unix:path=/run/user/1000/bus'
    'MAIL' => '/var/spool/mail/amrish'
    'GIO_LAUNCHED_DESKTOP_FILE_PID' => '22298'
    'GIO_LAUNCHED_DESKTOP_FILE' => '/usr/share/applications/dev.zed.Zed.desktop'
    'OLDPWD' => '/home/amrish'
    'PHP_SELF' => 'yii'
    'SCRIPT_NAME' => 'yii'
    'SCRIPT_FILENAME' => 'yii'
    'PATH_TRANSLATED' => 'yii'
    'DOCUMENT_ROOT' => ''
    'REQUEST_TIME_FLOAT' => 1786443302.3336
    'REQUEST_TIME' => 1786443302
    'argv' => [
        0 => 'yii'
        1 => 'migrate'
        2 => '--interactive=0'
    ]
    'argc' => 3
]
2026-08-11 10:26:35 [-][-][-][error][yii\console\Exception] yii\console\Exception: Unknown option: --hostname. Options available: --color, --interactive, --help, --silentExitOnException, --docroot, --router, --port in /app/vendor/yiisoft/yii2/console/Controller.php:178
Stack trace:
#0 /app/vendor/yiisoft/yii2/base/Module.php(547): yii\console\Controller->runAction('', Array)
#1 /app/vendor/yiisoft/yii2/console/Application.php(180): yii\base\Module->runAction('serve', Array)
#2 /app/vendor/yiisoft/yii2/console/Application.php(147): yii\console\Application->runAction('serve', Array)
#3 /app/vendor/yiisoft/yii2/base/Application.php(382): yii\console\Application->handleRequest(Object(yii\console\Request))
#4 /app/yii(15): yii\base\Application->run()
#5 {main}
2026-08-11 10:26:35 [-][-][-][info][application] $_GET = []

$_POST = []

$_FILES = []

$_COOKIE = []

$_SERVER = [
    'HOSTNAME' => '693c42f64223'
    'PHP_INI_DIR' => '/usr/local/etc/php'
    'HOME' => '/root'
    'DB_NAME' => 'bmc_cache'
    'PHP_LDFLAGS' => '-Wl,-O1 -pie'
    'PHP_CFLAGS' => '-fstack-protector-strong -fpic -fpie -O2 -D_LARGEFILE_SOURCE -D_FILE_OFFSET_BITS=64'
    'PHP_VERSION' => '8.2.33'
    'GPG_KEYS' => '39B641343D8C104B2B146DC3F9C39DC0B9698544 E60913E4DF209907D8E30D96659A97C9CF2A795A 1198C0117593497A5EC5C199286AF1F9897469DC'
    'PHP_CPPFLAGS' => '-fstack-protector-strong -fpic -fpie -O2 -D_LARGEFILE_SOURCE -D_FILE_OFFSET_BITS=64'
    'PHP_ASC_URL' => 'https://www.php.net/distributions/php-8.2.33.tar.xz.asc'
    'PHP_URL' => 'https://www.php.net/distributions/php-8.2.33.tar.xz'
    'PATH' => '/usr/local/sbin:/usr/local/bin:/usr/sbin:/usr/bin:/sbin:/bin'
    'DB_PASS' => 'root'
    'PHPIZE_DEPS' => 'autoconf 		dpkg-dev 		file 		g++ 		gcc 		libc-dev 		make 		pkg-config 		re2c'
    'PWD' => '/app'
    'PHP_SHA256' => 'fbdeace9b38220436a4c8fd79b900df92878151db145e641750743a283b514c1'
    'DB_HOST' => 'db'
    'DB_USER' => 'root'
    'PHP_SELF' => 'yii'
    'SCRIPT_NAME' => 'yii'
    'SCRIPT_FILENAME' => 'yii'
    'PATH_TRANSLATED' => 'yii'
    'DOCUMENT_ROOT' => ''
    'REQUEST_TIME_FLOAT' => 1786443995.4041
    'REQUEST_TIME' => 1786443995
    'argv' => [
        0 => 'yii'
        1 => 'serve'
        2 => '--docroot=web'
        3 => '--port=8080'
        4 => '--hostname=0.0.0.0'
    ]
    'argc' => 5
]
2026-08-11 10:27:47 [192.168.65.1][-][-][error][yii\web\HttpException:404] yii\web\NotFoundHttpException: Page not found. in /app/vendor/yiisoft/yii2/web/Request.php:329
Stack trace:
#0 /app/vendor/yiisoft/yii2/web/Application.php(84): yii\web\Request->resolve()
#1 /app/vendor/yiisoft/yii2/base/Application.php(382): yii\web\Application->handleRequest(Object(yii\web\Request))
#2 /app/web/index.php(13): yii\base\Application->run()
#3 {main}
2026-08-11 10:27:47 [192.168.65.1][-][-][info][application] $_GET = []

$_POST = []

$_FILES = []

$_COOKIE = [
    'session' => 'eyJ1c2VyX25hbWUiOiAiQW1yaXNoIiwgImF1dGhlbnRpY2F0ZWQiOiB0cnVlfQ==.anqX_w.PcXiFpbxBbPwRfkJwvArDyPgRKA'
]

$_SERVER = [
    'DOCUMENT_ROOT' => '/app/web'
    'REMOTE_ADDR' => '192.168.65.1'
    'REMOTE_PORT' => '47376'
    'SERVER_SOFTWARE' => 'PHP 8.2.33 Development Server'
    'SERVER_PROTOCOL' => 'HTTP/1.1'
    'SERVER_NAME' => '0.0.0.0'
    'SERVER_PORT' => '8080'
    'REQUEST_URI' => '/'
    'REQUEST_METHOD' => 'GET'
    'SCRIPT_NAME' => '/index.php'
    'SCRIPT_FILENAME' => '/app/web/index.php'
    'PHP_SELF' => '/index.php'
    'HTTP_HOST' => '127.0.0.1:8080'
    'HTTP_CONNECTION' => 'keep-alive'
    'HTTP_CACHE_CONTROL' => 'max-age=0'
    'HTTP_SEC_CH_UA' => '\"Not=A?Brand\";v=\"99\", \"Brave\";v=\"151\", \"Chromium\";v=\"151\"'
    'HTTP_SEC_CH_UA_MOBILE' => '?0'
    'HTTP_SEC_CH_UA_PLATFORM' => '\"Linux\"'
    'HTTP_DNT' => '1'
    'HTTP_UPGRADE_INSECURE_REQUESTS' => '1'
    'HTTP_USER_AGENT' => 'Mozilla/5.0 (X11; Linux x86_64) AppleWebKit/537.36 (KHTML, like Gecko) Chrome/151.0.0.0 Safari/537.36'
    'HTTP_ACCEPT' => 'text/html,application/xhtml+xml,application/xml;q=0.9,image/avif,image/webp,image/apng,*/*;q=0.8'
    'HTTP_SEC_GPC' => '1'
    'HTTP_SEC_FETCH_SITE' => 'none'
    'HTTP_SEC_FETCH_MODE' => 'navigate'
    'HTTP_SEC_FETCH_USER' => '?1'
    'HTTP_SEC_FETCH_DEST' => 'document'
    'HTTP_ACCEPT_ENCODING' => 'gzip, deflate, br, zstd'
    'HTTP_ACCEPT_LANGUAGE' => 'en-IN,en;q=0.7'
    'HTTP_COOKIE' => 'session=eyJ1c2VyX25hbWUiOiAiQW1yaXNoIiwgImF1dGhlbnRpY2F0ZWQiOiB0cnVlfQ==.anqX_w.PcXiFpbxBbPwRfkJwvArDyPgRKA'
    'REQUEST_TIME_FLOAT' => 1786444067.5459
    'REQUEST_TIME' => 1786444067
    'argv' => []
    'argc' => 0
]
2026-08-11 10:33:43 [192.168.65.1][-][-][error][yii\web\HttpException:404] yii\web\NotFoundHttpException: Page not found. in /app/vendor/yiisoft/yii2/web/Request.php:329
Stack trace:
#0 /app/vendor/yiisoft/yii2/web/Application.php(84): yii\web\Request->resolve()
#1 /app/vendor/yiisoft/yii2/base/Application.php(382): yii\web\Application->handleRequest(Object(yii\web\Request))
#2 /app/web/index.php(13): yii\base\Application->run()
#3 {main}
2026-08-11 10:33:43 [192.168.65.1][-][-][info][application] $_GET = []

$_POST = []

$_FILES = []

$_COOKIE = [
    'session' => 'eyJ1c2VyX25hbWUiOiAiQW1yaXNoIiwgImF1dGhlbnRpY2F0ZWQiOiB0cnVlfQ==.anqX_w.PcXiFpbxBbPwRfkJwvArDyPgRKA'
]

$_SERVER = [
    'DOCUMENT_ROOT' => '/app/web'
    'REMOTE_ADDR' => '192.168.65.1'
    'REMOTE_PORT' => '43066'
    'SERVER_SOFTWARE' => 'PHP 8.2.33 Development Server'
    'SERVER_PROTOCOL' => 'HTTP/1.1'
    'SERVER_NAME' => '0.0.0.0'
    'SERVER_PORT' => '8080'
    'REQUEST_URI' => '/'
    'REQUEST_METHOD' => 'GET'
    'SCRIPT_NAME' => '/index.php'
    'SCRIPT_FILENAME' => '/app/web/index.php'
    'PHP_SELF' => '/index.php'
    'HTTP_HOST' => '127.0.0.1:8080'
    'HTTP_CONNECTION' => 'keep-alive'
    'HTTP_CACHE_CONTROL' => 'max-age=0'
    'HTTP_SEC_CH_UA' => '\"Not=A?Brand\";v=\"99\", \"Brave\";v=\"151\", \"Chromium\";v=\"151\"'
    'HTTP_SEC_CH_UA_MOBILE' => '?0'
    'HTTP_SEC_CH_UA_PLATFORM' => '\"Linux\"'
    'HTTP_DNT' => '1'
    'HTTP_UPGRADE_INSECURE_REQUESTS' => '1'
    'HTTP_USER_AGENT' => 'Mozilla/5.0 (X11; Linux x86_64) AppleWebKit/537.36 (KHTML, like Gecko) Chrome/151.0.0.0 Safari/537.36'
    'HTTP_ACCEPT' => 'text/html,application/xhtml+xml,application/xml;q=0.9,image/avif,image/webp,image/apng,*/*;q=0.8'
    'HTTP_SEC_GPC' => '1'
    'HTTP_SEC_FETCH_SITE' => 'none'
    'HTTP_SEC_FETCH_MODE' => 'navigate'
    'HTTP_SEC_FETCH_USER' => '?1'
    'HTTP_SEC_FETCH_DEST' => 'document'
    'HTTP_ACCEPT_ENCODING' => 'gzip, deflate, br, zstd'
    'HTTP_ACCEPT_LANGUAGE' => 'en-IN,en;q=0.7'
    'HTTP_COOKIE' => 'session=eyJ1c2VyX25hbWUiOiAiQW1yaXNoIiwgImF1dGhlbnRpY2F0ZWQiOiB0cnVlfQ==.anqX_w.PcXiFpbxBbPwRfkJwvArDyPgRKA'
    'REQUEST_TIME_FLOAT' => 1786444423.375
    'REQUEST_TIME' => 1786444423
    'argv' => []
    'argc' => 0
]
2026-08-11 10:59:44 [192.168.65.1][-][-][error][yii\web\HttpException:404] yii\web\NotFoundHttpException: Page not found. in /app/vendor/yiisoft/yii2/web/Request.php:329
Stack trace:
#0 /app/vendor/yiisoft/yii2/web/Application.php(84): yii\web\Request->resolve()
#1 /app/vendor/yiisoft/yii2/base/Application.php(382): yii\web\Application->handleRequest(Object(yii\web\Request))
#2 /app/web/index.php(13): yii\base\Application->run()
#3 {main}
2026-08-11 10:59:44 [192.168.65.1][-][-][info][application] $_GET = []

$_POST = []

$_FILES = []

$_COOKIE = []

$_SERVER = [
    'DOCUMENT_ROOT' => '/app/web'
    'REMOTE_ADDR' => '192.168.65.1'
    'REMOTE_PORT' => '38674'
    'SERVER_SOFTWARE' => 'PHP 8.2.33 Development Server'
    'SERVER_PROTOCOL' => 'HTTP/1.1'
    'SERVER_NAME' => '0.0.0.0'
    'SERVER_PORT' => '8080'
    'REQUEST_URI' => '/v1/models'
    'REQUEST_METHOD' => 'GET'
    'SCRIPT_NAME' => '/index.php'
    'SCRIPT_FILENAME' => '/app/web/index.php'
    'PATH_INFO' => '/v1/models'
    'PHP_SELF' => '/index.php/v1/models'
    'HTTP_ACCEPT' => 'application/json'
    'HTTP_USER_AGENT' => 'Zed/1.14.2+stable (linux; x86_64)'
    'HTTP_HOST' => 'localhost:8080'
    'REQUEST_TIME_FLOAT' => 1786445984.969
    'REQUEST_TIME' => 1786445984
    'argv' => []
    'argc' => 0
]
2026-08-11 13:40:41 [192.168.65.1][-][-][error][yii\web\HttpException:404] yii\web\NotFoundHttpException: Page not found. in /app/vendor/yiisoft/yii2/web/Request.php:329
Stack trace:
#0 /app/vendor/yiisoft/yii2/web/Application.php(84): yii\web\Request->resolve()
#1 /app/vendor/yiisoft/yii2/base/Application.php(382): yii\web\Application->handleRequest(Object(yii\web\Request))
#2 /app/web/index.php(13): yii\base\Application->run()
#3 {main}
2026-08-11 13:40:41 [192.168.65.1][-][-][info][application] $_GET = []

$_POST = []

$_FILES = []

$_COOKIE = []

$_SERVER = [
    'DOCUMENT_ROOT' => '/app/web'
    'REMOTE_ADDR' => '192.168.65.1'
    'REMOTE_PORT' => '50025'
    'SERVER_SOFTWARE' => 'PHP 8.2.33 Development Server'
    'SERVER_PROTOCOL' => 'HTTP/1.1'
    'SERVER_NAME' => '0.0.0.0'
    'SERVER_PORT' => '8080'
    'REQUEST_URI' => '/v1/models'
    'REQUEST_METHOD' => 'GET'
    'SCRIPT_NAME' => '/index.php'
    'SCRIPT_FILENAME' => '/app/web/index.php'
    'PATH_INFO' => '/v1/models'
    'PHP_SELF' => '/index.php/v1/models'
    'HTTP_ACCEPT' => 'application/json'
    'HTTP_USER_AGENT' => 'Zed/1.14.2+stable (linux; x86_64)'
    'HTTP_HOST' => 'localhost:8080'
    'REQUEST_TIME_FLOAT' => 1786455641.5801
    'REQUEST_TIME' => 1786455641
    'argv' => []
    'argc' => 0
]
